[debug] [2025-12-23T16:57:38.858Z] ----------------------------------------------------------------------
[debug] [2025-12-23T16:57:38.860Z] Command:       C:\nvm4w\nodejs\node.exe C:\nvm4w\nodejs\node_modules\firebase-tools\lib\bin\firebase.js init
[debug] [2025-12-23T16:57:38.860Z] CLI Version:   15.1.0
[debug] [2025-12-23T16:57:38.861Z] Platform:      win32
[debug] [2025-12-23T16:57:38.861Z] Node Version:  v20.19.5
[debug] [2025-12-23T16:57:38.861Z] Time:          Tue Dec 23 2025 22:27:38 GMT+0530 (India Standard Time)
[debug] [2025-12-23T16:57:38.861Z] ----------------------------------------------------------------------
[debug] 
[info] 
     ######## #### ########  ######## ########     ###     ######  ########
     ##        ##  ##     ## ##       ##     ##  ##   ##  ##       ##
     ######    ##  ########  ######   ########  #########  ######  ######
     ##        ##  ##    ##  ##       ##     ## ##     ##       ## ##
     ##       #### ##     ## ######## ########  ##     ##  ######  ########

You're about to initialize a Firebase project in this directory:

  C:\Users\vasan\Downloads\smartswitch

Before we get started, keep in mind:

  * You are initializing within an existing Firebase project directory

[info] 
=== Project Setup
[info] 
[info] First, let's associate this project directory with a Firebase project.
[info] You can create multiple project aliases by running firebase use --add, 
[info] 
[debug] [2025-12-23T16:57:52.437Z] > command requires scopes: ["email","openid","https://www.googleapis.com/auth/cloudplatformprojects.readonly","https://www.googleapis.com/auth/firebase","https://www.googleapis.com/auth/cloud-platform"]
[debug] [2025-12-23T16:57:52.437Z] > authorizing via signed-in user (vasandhanpkg@gmail.com)
[debug] [2025-12-23T16:57:52.439Z] Checked if tokens are valid: true, expires at: 1766510212041
[debug] [2025-12-23T16:57:52.439Z] Checked if tokens are valid: true, expires at: 1766510212041
[debug] [2025-12-23T16:57:52.441Z] >>> [apiv2][query] GET https://firebase.googleapis.com/v1beta1/projects/smartmeter-0718 [none]
[debug] [2025-12-23T16:57:52.878Z] <<< [apiv2][status] GET https://firebase.googleapis.com/v1beta1/projects/smartmeter-0718 200
[debug] [2025-12-23T16:57:52.878Z] <<< [apiv2][body] GET https://firebase.googleapis.com/v1beta1/projects/smartmeter-0718 {"projectId":"smartmeter-0718","projectNumber":"875817679618","displayName":"SmartMeter","name":"projects/smartmeter-0718","resources":{"hostingSite":"smartmeter-0718","realtimeDatabaseInstance":"smartmeter-0718-default-rtdb"},"state":"ACTIVE","etag":"1_f455a15b-c03a-4420-9b2c-5ff3a5c684d0"}
[info] i  Using project smartmeter-0718 (SmartMeter) . 
[info] 
=== Hosting Setup
[debug] [2025-12-23T16:57:52.887Z] Checked if tokens are valid: true, expires at: 1766510212041
[debug] [2025-12-23T16:57:52.887Z] Checked if tokens are valid: true, expires at: 1766510212041
[debug] [2025-12-23T16:57:52.887Z] >>> [apiv2][query] GET https://firebase.googleapis.com/v1beta1/projects/smartmeter-0718 [none]
[debug] [2025-12-23T16:57:53.184Z] <<< [apiv2][status] GET https://firebase.googleapis.com/v1beta1/projects/smartmeter-0718 200
[debug] [2025-12-23T16:57:53.185Z] <<< [apiv2][body] GET https://firebase.googleapis.com/v1beta1/projects/smartmeter-0718 {"projectId":"smartmeter-0718","projectNumber":"875817679618","displayName":"SmartMeter","name":"projects/smartmeter-0718","resources":{"hostingSite":"smartmeter-0718","realtimeDatabaseInstance":"smartmeter-0718-default-rtdb"},"state":"ACTIVE","etag":"1_f455a15b-c03a-4420-9b2c-5ff3a5c684d0"}
[info] 
[info] Your public directory is the folder (relative to your project directory) that
[info] will contain Hosting assets to be uploaded with firebase deploy. If you
[info] have a build process for your assets, use your build's output directory.
[info] 
[info] 
[info] i  Didn't detect a .git folder. Assuming C:\Users\vasan\Downloads\smartswitch is the project root. 
[info] i  Authorizing with GitHub to upload your service account to a GitHub repository's secrets store. 
[info] 
[info] Visit this URL on this device to log in:
[info] https://github.com/login/oauth/authorize?client_id=89cf50f02ac6aaed3484&state=611361822&redirect_uri=http%3A%2F%2Flocalhost%3A9005&scope=read%3Auser%20repo%20public_repo
[info] 
[info] Waiting for authentication...
